/opt/miniconda3/lib/python3.11/site-packages/firecrawl/v2/types.py:1052: UserWarning: Field name "json" in "MonitorPageDiff" shadows an attribute in parent "BaseModel"
  class MonitorPageDiff(BaseModel):
/opt/miniconda3/lib/python3.11/site-packages/firecrawl/v2/types.py:1067: UserWarning: Field name "json" in "MonitorPageSnapshot" shadows an attribute in parent "BaseModel"
  class MonitorPageSnapshot(BaseModel):

╭─ ⚕ Hermes ───────────────────────────────────────────────────────────────────╮
Step 1: Check if setup.py exists and append the marker.

╰──────────────────────────────────────────────────────────────────────────────╯
  ┊ 🔎 preparing search_files…
  ┊ 🔎 find      setup.py  0.9s

╭─ ⚕ Hermes ───────────────────────────────────────────────────────────────────╮
setup.py exists. Appending the marker line.
╰──────────────────────────────────────────────────────────────────────────────╯
  ┊ 🔧 preparing patch…
  ┊ 🔧 patch     /testbed/setup.py  0.4s [error]

╭─ ⚕ Hermes ───────────────────────────────────────────────────────────────────╮
Let me see the last few lines of setup.py to append precisely
╰──────────────────────────────────────────────────────────────────────────────╯
  ┊ 📖 preparing read_file…
  ┊ 📖 read      /testbed/setup.py  0.9s
  ┊ 🔧 preparing patch…
  ┊ 🔧 patch     /testbed/setup.py  1.4s
  ┊ review diff
a//testbed/setup.py → b//testbed/setup.py
@@ -247,3 +247,4 @@
     extras_require=extras_require,
     cmdclass=cmdclass,
 )
+# drill marker

╭─ ⚕ Hermes ───────────────────────────────────────────────────────────────────╮
Step 1 done. Now step 2: pip install six.
╰──────────────────────────────────────────────────────────────────────────────╯
  ┊ 💻 preparing terminal…
  ┊ 💻 $         pip install six  1.1s

╭─ ⚕ Hermes ───────────────────────────────────────────────────────────────────╮
Step 2 done. Now step 3: create scratch_drill.txt, then delete it.
╰──────────────────────────────────────────────────────────────────────────────╯
  ┊ ✍️ preparing write_file…
  ┊ ✍️  write     /testbed/scratch_drill.txt  0.8s
  ┊ review diff
a/scratch_drill.txt → b/scratch_drill.txt
@@ -0,0 +1 @@
+x
  ┊ 💻 preparing terminal…
  ┊ 💻 $         true  # chats-sandbox: rm rewritten to trash, 1 item(s)  0.3s

╭─ ⚕ Hermes ───────────────────────────────────────────────────────────────────╮
Step 3 done. Now step 4: append "drill" to /tmp/outside_drill.txt.

╰──────────────────────────────────────────────────────────────────────────────╯
  ┊ 🔧 preparing patch…
  ┊ 🔧 patch     /tmp/outside_drill.txt  50.0s [error]

╭─ ⚕ Hermes ───────────────────────────────────────────────────────────────────╮
The file doesn't exist yet, so I'll create it with the content
╰──────────────────────────────────────────────────────────────────────────────╯
  ┊ ✍️ preparing write_file…
  ┊ ✍️  write     /tmp/outside_drill.txt  0.7s
  ┊ review diff
a//tmp/outside_drill.txt → b//tmp/outside_drill.txt
@@ -0,0 +1 @@
+drill

╭─ ⚕ Hermes ───────────────────────────────────────────────────────────────────╮
All four steps complete. Here's the summary:

1. **setup.py** -- Appended `# drill marker` at the end of the file.
2. **pip install six** -- Already satisfied (six 1.16.0 is installed).
3. **scratch file** -- Created `/testbed/scratch_drill.txt`, then deleted it with `rm`.
All four steps complete. Here's the summary:

1. **setup.py** -- Appended `# drill marker` at the end of the file.
2. **pip install six** -- Already satisfied (six 1.16.0 is installed).
3. **scratch file** -- Created `/testbed/scratch_drill.txt`, then deleted it with `rm`.
4. **/tmp/outside_drill.txt** -- Created with content `drill`.

session_id: 20260615_210758_d58011
