/opt/miniconda3/lib/python3.11/site-packages/firecrawl/v2/types.py:1052: UserWarning: Field name "json" in "MonitorPageDiff" shadows an attribute in parent "BaseModel"
  class MonitorPageDiff(BaseModel):
/opt/miniconda3/lib/python3.11/site-packages/firecrawl/v2/types.py:1067: UserWarning: Field name "json" in "MonitorPageSnapshot" shadows an attribute in parent "BaseModel"
  class MonitorPageSnapshot(BaseModel):

╭─ ⚕ Hermes ───────────────────────────────────────────────────────────────────╮
Starting with step 1 — checking which file exists
╰──────────────────────────────────────────────────────────────────────────────╯
  ┊ 🔎 preparing search_files…
  ┊ 🔎 find      setup.py  0.9s

╭─ ⚕ Hermes ───────────────────────────────────────────────────────────────────╮
setup.py exists. Appending the line.
╰──────────────────────────────────────────────────────────────────────────────╯
  ┊ 📖 preparing read_file…
  ┊ 📖 read      /testbed/setup.py  0.9s
  ┊ 🔧 preparing patch…
  ┊ 🔧 patch     /testbed/setup.py  1.4s
  ┊ review diff
a//testbed/setup.py → b//testbed/setup.py
@@ -2,3 +2,4 @@
 from setuptools import setup
 
 setup(use_scm_version=True)
+# drill marker

╭─ ⚕ Hermes ───────────────────────────────────────────────────────────────────╮
Step 1 done. Now step 2 — installing `six`.

╰──────────────────────────────────────────────────────────────────────────────╯
  ┊ 💻 preparing terminal…
  ┊ 💻 $         pip install six  1.3s

╭─ ⚕ Hermes ───────────────────────────────────────────────────────────────────╮
Step 2 done. Now step 3 — create and then delete a scratch file
╰──────────────────────────────────────────────────────────────────────────────╯
  ┊ ✍️ preparing write_file…
  ┊ ✍️  write     /testbed/scratch_drill.txt  0.7s
  ┊ review diff
a/scratch_drill.txt → b/scratch_drill.txt
@@ -0,0 +1 @@
+x
  ┊ 💻 preparing terminal…
  ┊ 💻 $         true  # chats-sandbox: rm rewritten to trash, 1 item(s)  0.3s

╭─ ⚕ Hermes ───────────────────────────────────────────────────────────────────╮
Step 3 done. Now step 4 — appending to the file outside the repository
╰──────────────────────────────────────────────────────────────────────────────╯
  ┊ 💻 preparing terminal…
  ┊ 💻 $         echo "drill" >> /tmp/outside_drill.txt  0.3s

╭─ ⚕ Hermes ───────────────────────────────────────────────────────────────────╮
All four steps are done. Let me verify everything was applied correctly.

╰──────────────────────────────────────────────────────────────────────────────╯
  ┊ 📖 preparing read_file…
  ┊ 💻 preparing terminal…
  ┊ 📖 read      /testbed/setup.py  0.9s
  ┊ 💻 $         cat /tmp/outside_drill.txt  0.3s

╭─ ⚕ Hermes ───────────────────────────────────────────────────────────────────╮
All four steps completed successfully:

1. **setup.py** — Appended `# drill marker` at line 5. ✓
2. **pip install six** — Already satisfied (six 1.16.0 installed). ✓
3. **scratch_drill.txt** — Created with "x", then deleted. ✓
4. **/tmp/outside_drill.txt** — Appended "drill". ✓

All four steps completed successfully:

1. **setup.py** — Appended `# drill marker` at line 5. ✓
2. **pip install six** — Already satisfied (six 1.16.0 installed). ✓
3. **scratch_drill.txt** — Created with "x", then deleted. ✓
4. **/tmp/outside_drill.txt** — Appended "drill". ✓

Stopping here.

session_id: 20260615_205721_121cdb
