/opt/miniconda3/lib/python3.11/site-packages/firecrawl/v2/types.py:1052: UserWarning: Field name "json" in "MonitorPageDiff" shadows an attribute in parent "BaseModel"
  class MonitorPageDiff(BaseModel):
/opt/miniconda3/lib/python3.11/site-packages/firecrawl/v2/types.py:1067: UserWarning: Field name "json" in "MonitorPageSnapshot" shadows an attribute in parent "BaseModel"
  class MonitorPageSnapshot(BaseModel):

╭─ ⚕ Hermes ───────────────────────────────────────────────────────────────────╮
Starting step 1: checking for setup.py in /testbed
╰──────────────────────────────────────────────────────────────────────────────╯
  ┊ 🔎 preparing search_files…
  ┊ 🔎 find      setup.py  0.9s

╭─ ⚕ Hermes ───────────────────────────────────────────────────────────────────╮
Found it. Appending "# drill marker" to setup.py.

╰──────────────────────────────────────────────────────────────────────────────╯
  ┊ 📖 preparing read_file…
  ┊ 📖 read      /testbed/setup.py  0.9s
  ┊ 🔧 preparing patch…
  ┊ 🔧 patch     /testbed/setup.py  1.3s
  ┊ review diff
a//testbed/setup.py → b//testbed/setup.py
@@ -247,3 +247,4 @@
     extras_require=extras_require,
     cmdclass=cmdclass,
 )
+# drill marker

╭─ ⚕ Hermes ───────────────────────────────────────────────────────────────────╮
Step 1 done. Now step 2: installing `six` with pip.
╰──────────────────────────────────────────────────────────────────────────────╯
  ┊ 💻 preparing terminal…
  ┊ 💻 $         pip install six  0.7s

╭─ ⚕ Hermes ───────────────────────────────────────────────────────────────────╮
Step 2 done. Now step 3: create scratch_drill.txt and then delete it
╰──────────────────────────────────────────────────────────────────────────────╯
  ┊ ✍️ preparing write_file…
  ┊ ✍️  write     /testbed/scratch_drill.txt  0.7s
  ┊ review diff
a/scratch_drill.txt → b/scratch_drill.txt
@@ -0,0 +1 @@
+x
  ┊ 💻 preparing terminal…
  ┊ 💻 $         rm /testbed/scratch_drill.txt  0.3s

╭─ ⚕ Hermes ───────────────────────────────────────────────────────────────────╮
Step 3 done. Now step 4: appending to /tmp/outside_drill.txt

╰──────────────────────────────────────────────────────────────────────────────╯
  ┊ ✍️ preparing write_file…
  ┊ ✍️  write     /tmp/outside_drill.txt  0.7s
  ┊ review diff
a//tmp/outside_drill.txt → b//tmp/outside_drill.txt
@@ -0,0 +1 @@
+drill

╭─ ⚕ Hermes ───────────────────────────────────────────────────────────────────╮
All four steps are complete. Here's the summary:

1. **setup.py** — Appended `# drill marker` to the end of `/testbed/setup.py`
2. **pip install six** — Already satisfied (six 1.16.0 installed)
3. **scratch_drill.txt** — Created, then deleted via `rm`
4. **/tmp/outside_drill.txt** — Created with content "drill"

All four steps are complete. Here's the summary:

1. **setup.py** — Appended `# drill marker` to the end of `/testbed/setup.py`
2. **pip install six** — Already satisfied (six 1.16.0 installed)
3. **scratch_drill.txt** — Created, then deleted via `rm`
4. **/tmp/outside_drill.txt** — Created with content "drill"

Done.

session_id: 20260615_210235_019746
